
> NEXUS-BIZCASH@0.1.0 build
> next build

▲ Next.js 16.1.6 (Turbopack)

  Creating an optimized production build ...
✓ Compiled successfully in 2.7s
  Running TypeScript ...
  Collecting page data using 11 workers ...
  Generating static pages using 11 workers (0/5) ...
  Generating static pages using 11 workers (1/5) 
  Generating static pages using 11 workers (2/5) 
  Generating static pages using 11 workers (3/5) 
✓ Generating static pages using 11 workers (5/5) in 833.0ms
  Finalizing page optimization ...

Route (app)
┌ ○ /
├ ○ /apply
└ ○ /_not-found


○  (Static)  prerendered as static content

